\BOOKMARK [0][-]{chapter*.1}{\376\377\000A\000c\000k\000n\000o\000w\000l\000e\000d\000g\000e\000m\000e\000n\000t\000s}{}% 1
\BOOKMARK [0][-]{chapter*.2}{\376\377\000A\000b\000s\000t\000r\000a\000c\000t}{}% 2
\BOOKMARK [0][-]{chapter.1}{\376\377\000G\000e\000n\000e\000r\000a\000l\000\040\000P\000r\000e\000s\000e\000n\000t\000a\000t\000i\000o\000n\000\040\000a\000n\000d\000\040\000S\000t\000a\000t\000e\000\040\000o\000f\000\040\000t\000h\000e\000\040\000A\000r\000t}{}% 3
\BOOKMARK [1][-]{section.1.1}{\376\377\000I\000n\000t\000r\000o\000d\000u\000c\000t\000i\000o\000n}{chapter.1}% 4
\BOOKMARK [1][-]{section.1.2}{\376\377\000P\000r\000o\000b\000l\000e\000m\000a\000t\000i\000c}{chapter.1}% 5
\BOOKMARK [1][-]{section.1.3}{\376\377\000S\000t\000a\000t\000e\000\040\000o\000f\000\040\000t\000h\000e\000\040\000A\000r\000t}{chapter.1}% 6
\BOOKMARK [2][-]{subsection.1.3.1}{\376\377\000W\000A\000B\000I\000A\000N\000\040\000b\000y\000\040\000W\000a\000s\000e\000d\000a}{section.1.3}% 7
\BOOKMARK [2][-]{subsection.1.3.2}{\376\377\000A\000S\000I\000M\000O\000\040\000b\000y\000\040\000H\000o\000n\000d\000a}{section.1.3}% 8
\BOOKMARK [2][-]{subsection.1.3.3}{\376\377\000H\000R\000P\000\040\000H\000u\000m\000a\000n\000o\000i\000d\000\040\000S\000e\000r\000i\000e\000s\000\040\000b\000y\000\040\000A\000I\000S\000T}{section.1.3}% 9
\BOOKMARK [2][-]{subsection.1.3.4}{\376\377\000P\000o\000s\000i\000t\000i\000o\000n\000i\000n\000g\000\040\000o\000f\000\040\000A\000b\000b\000e\000s}{section.1.3}% 10
\BOOKMARK [1][-]{section.1.4}{\376\377\000C\000o\000n\000c\000l\000u\000s\000i\000o\000n}{chapter.1}% 11
\BOOKMARK [0][-]{chapter.2}{\376\377\000C\000o\000n\000c\000e\000p\000t\000s\000\040\000o\000n\000\040\000B\000i\000p\000e\000d\000a\000l\000\040\000W\000a\000l\000k\000i\000n\000g}{}% 12
\BOOKMARK [1][-]{section.2.1}{\376\377\000I\000n\000t\000r\000o\000d\000u\000c\000t\000i\000o\000n}{chapter.2}% 13
\BOOKMARK [1][-]{section.2.2}{\376\377\000W\000a\000l\000k\000i\000n\000g\000\040\000D\000e\000f\000i\000n\000i\000t\000i\000o\000n}{chapter.2}% 14
\BOOKMARK [1][-]{section.2.3}{\376\377\000M\000o\000t\000i\000o\000n\000\040\000P\000l\000a\000n\000e\000s}{chapter.2}% 15
\BOOKMARK [1][-]{section.2.4}{\376\377\000R\000o\000b\000o\000t\000\040\000C\000o\000n\000t\000r\000o\000l\000\040\000a\000n\000d\000\040\000S\000t\000a\000b\000i\000l\000i\000t\000y}{chapter.2}% 16
\BOOKMARK [2][-]{subsection.2.4.1}{\376\377\000C\000e\000n\000t\000r\000e\000\040\000o\000f\000\040\000M\000a\000s\000s\000\040\000\050\000C\000o\000M\000\051}{section.2.4}% 17
\BOOKMARK [2][-]{subsection.2.4.2}{\376\377\000Z\000e\000r\000o\000-\000M\000o\000m\000e\000n\000t\000-\000P\000o\000i\000n\000t\000\040\000\050\000Z\000M\000P\000\051}{section.2.4}% 18
\BOOKMARK [2][-]{subsection.2.4.3}{\376\377\000S\000u\000p\000p\000o\000r\000t\000\040\000P\000o\000l\000y\000g\000o\000n}{section.2.4}% 19
\BOOKMARK [2][-]{subsection.2.4.4}{\376\377\000S\000t\000a\000b\000i\000l\000i\000t\000y\000\040\000C\000r\000i\000t\000e\000r\000i\000a}{section.2.4}% 20
\BOOKMARK [1][-]{section.2.5}{\376\377\000T\000y\000p\000e\000s\000\040\000o\000f\000\040\000B\000i\000p\000e\000d\000a\000l\000\040\000W\000a\000l\000k\000i\000n\000g}{chapter.2}% 21
\BOOKMARK [1][-]{section.2.6}{\376\377\000R\000o\000b\000o\000t\000\040\000G\000a\000i\000t\000\040\000G\000e\000n\000e\000r\000a\000t\000i\000o\000n}{chapter.2}% 22
\BOOKMARK [2][-]{subsection.2.6.1}{\376\377\000W\000a\000l\000k\000i\000n\000g\000-\000C\000y\000c\000l\000e\000\040\000C\000o\000m\000p\000o\000n\000e\000n\000t\000s}{section.2.6}% 23
\BOOKMARK [2][-]{subsection.2.6.2}{\376\377\000W\000a\000l\000k\000i\000n\000g\000-\000C\000y\000c\000l\000e\000\040\000P\000h\000a\000s\000e\000s}{section.2.6}% 24
\BOOKMARK [2][-]{subsection.2.6.3}{\376\377\000G\000a\000i\000t\000\040\000E\000n\000g\000i\000n\000e}{section.2.6}% 25
\BOOKMARK [1][-]{section.2.7}{\376\377\000W\000a\000l\000k\000i\000n\000g\000\040\000P\000r\000i\000m\000i\000t\000i\000v\000e}{chapter.2}% 26
\BOOKMARK [1][-]{section.2.8}{\376\377\000C\000o\000n\000c\000l\000u\000s\000i\000o\000n}{chapter.2}% 27
\BOOKMARK [0][-]{chapter.3}{\376\377\000H\000a\000r\000d\000w\000a\000r\000e\000\040\000a\000n\000d\000\040\000M\000e\000c\000h\000a\000t\000r\000o\000n\000i\000c\000\040\000D\000e\000s\000i\000g\000n}{}% 28
\BOOKMARK [1][-]{section.3.1}{\376\377\000I\000n\000t\000r\000o\000d\000u\000c\000t\000i\000o\000n}{chapter.3}% 29
\BOOKMARK [1][-]{section.3.2}{\376\377\000M\000e\000c\000h\000a\000n\000i\000c\000a\000l\000\040\000D\000e\000s\000i\000g\000n}{chapter.3}% 30
\BOOKMARK [2][-]{subsection.3.2.1}{\376\377\000A\000n\000t\000h\000r\000o\000p\000o\000m\000e\000t\000r\000i\000c\000\040\000M\000o\000d\000e\000l}{section.3.2}% 31
\BOOKMARK [2][-]{subsection.3.2.2}{\376\377\000M\000e\000c\000h\000a\000n\000i\000c\000a\000l\000\040\000A\000r\000t\000i\000c\000u\000l\000a\000t\000e\000d\000\040\000S\000t\000r\000u\000c\000t\000u\000r\000e}{section.3.2}% 32
\BOOKMARK [2][-]{subsection.3.2.3}{\376\377\000F\000i\000n\000a\000l\000\040\000D\000e\000s\000i\000g\000n\000:\000\040\000J\000o\000i\000n\000t\000\040\000L\000i\000m\000i\000t\000s\000\040\000a\000n\000d\000\040\000R\000e\000s\000t\000i\000n\000g\000\040\000P\000o\000s\000i\000t\000i\000o\000n\000s}{section.3.2}% 33
\BOOKMARK [1][-]{section.3.3}{\376\377\000H\000a\000r\000d\000w\000a\000r\000e\000\040\000C\000o\000m\000p\000o\000n\000e\000n\000t\000s}{chapter.3}% 34
\BOOKMARK [2][-]{subsection.3.3.1}{\376\377\000A\000c\000t\000u\000a\000t\000o\000r\000s}{section.3.3}% 35
\BOOKMARK [2][-]{subsection.3.3.2}{\376\377\000S\000e\000n\000s\000o\000r\000s}{section.3.3}% 36
\BOOKMARK [2][-]{subsection.3.3.3}{\376\377\000P\000o\000w\000e\000r\000\040\000S\000u\000p\000p\000l\000y}{section.3.3}% 37
\BOOKMARK [2][-]{subsection.3.3.4}{\376\377\000D\000C\000/\000D\000C\000\040\000R\000e\000g\000u\000l\000a\000t\000o\000r}{section.3.3}% 38
\BOOKMARK [1][-]{section.3.4}{\376\377\000E\000l\000e\000c\000t\000r\000o\000n\000i\000c\000\040\000A\000r\000c\000h\000i\000t\000e\000c\000t\000u\000r\000e}{chapter.3}% 39
\BOOKMARK [1][-]{section.3.5}{\376\377\000C\000o\000n\000c\000l\000u\000s\000i\000o\000n}{chapter.3}% 40
\BOOKMARK [0][-]{chapter.4}{\376\377\000E\000m\000b\000e\000d\000d\000e\000d\000\040\000F\000i\000r\000m\000w\000a\000r\000e\000:\000\040\000t\000h\000e\000\040\000O\000n\000-\000B\000o\000a\000r\000d\000\040\000C\000o\000n\000t\000r\000o\000l\000l\000e\000r}{}% 41
\BOOKMARK [1][-]{section.4.1}{\376\377\000I\000n\000t\000r\000o\000d\000u\000c\000t\000i\000o\000n}{chapter.4}% 42
\BOOKMARK [1][-]{section.4.2}{\376\377\000C\000h\000o\000i\000c\000e\000\040\000o\000f\000\040\000t\000h\000e\000\040\000E\000S\000P\0003\0002}{chapter.4}% 43
\BOOKMARK [1][-]{section.4.3}{\376\377\000F\000i\000r\000m\000w\000a\000r\000e\000\040\000A\000r\000c\000h\000i\000t\000e\000c\000t\000u\000r\000e}{chapter.4}% 44
\BOOKMARK [1][-]{section.4.4}{\376\377\000A\000c\000t\000u\000a\000t\000o\000r\000s\000\040\000a\000n\000d\000\040\000S\000e\000n\000s\000o\000r\000s\000\040\000o\000v\000e\000r\000\040\000I\0002\000C}{chapter.4}% 45
\BOOKMARK [1][-]{section.4.5}{\376\377\000J\000o\000i\000n\000i\000n\000g\000\040\000R\000O\000S\0002\000\040\000w\000i\000t\000h\000\040\000m\000i\000c\000r\000o\000-\000R\000O\000S}{chapter.4}% 46
\BOOKMARK [1][-]{section.4.6}{\376\377\000C\000o\000n\000c\000l\000u\000s\000i\000o\000n}{chapter.4}% 47
\BOOKMARK [0][-]{chapter.5}{\376\377\000S\000o\000f\000t\000w\000a\000r\000e\000\040\000A\000r\000c\000h\000i\000t\000e\000c\000t\000u\000r\000e\000\040\000a\000n\000d\000\040\000R\000O\000S\0002\000\040\000I\000n\000t\000e\000g\000r\000a\000t\000i\000o\000n}{}% 48
\BOOKMARK [1][-]{section.5.1}{\376\377\000I\000n\000t\000r\000o\000d\000u\000c\000t\000i\000o\000n}{chapter.5}% 49
\BOOKMARK [1][-]{section.5.2}{\376\377\000W\000h\000a\000t\000\040\000R\000O\000S\0002\000\040\000I\000s\000,\000\040\000a\000n\000d\000\040\000W\000h\000y\000\040\000I\000t\000\040\000I\000s\000\040\000U\000s\000e\000d\000\040\000H\000e\000r\000e}{chapter.5}% 50
\BOOKMARK [1][-]{section.5.3}{\376\377\000W\000o\000r\000k\000s\000p\000a\000c\000e\000\040\000a\000n\000d\000\040\000P\000a\000c\000k\000a\000g\000e\000\040\000A\000r\000c\000h\000i\000t\000e\000c\000t\000u\000r\000e}{chapter.5}% 51
\BOOKMARK [1][-]{section.5.4}{\376\377\000T\000h\000e\000\040\000R\000o\000b\000o\000t\000\040\000M\000o\000d\000e\000l}{chapter.5}% 52
\BOOKMARK [1][-]{section.5.5}{\376\377\000M\000o\000t\000i\000o\000n\000\040\000C\000o\000n\000t\000r\000o\000l\000\040\000w\000i\000t\000h\000\040\000r\000o\000s\0002\000\137\000c\000o\000n\000t\000r\000o\000l}{chapter.5}% 53
\BOOKMARK [1][-]{section.5.6}{\376\377\000S\000i\000m\000u\000l\000a\000t\000i\000o\000n\000\040\000w\000i\000t\000h\000\040\000G\000a\000z\000e\000b\000o}{chapter.5}% 54
\BOOKMARK [1][-]{section.5.7}{\376\377\000T\000h\000e\000\040\000N\000o\000d\000e\000\040\000a\000n\000d\000\040\000T\000o\000p\000i\000c\000\040\000G\000r\000a\000p\000h}{chapter.5}% 55
\BOOKMARK [1][-]{section.5.8}{\376\377\000C\000r\000o\000s\000s\000-\000C\000u\000t\000t\000i\000n\000g\000\040\000C\000o\000n\000v\000e\000n\000t\000i\000o\000n\000s}{chapter.5}% 56
\BOOKMARK [1][-]{section.5.9}{\376\377\000C\000o\000n\000c\000l\000u\000s\000i\000o\000n}{chapter.5}% 57
\BOOKMARK [0][-]{chapter.6}{\376\377\000K\000i\000n\000e\000m\000a\000t\000i\000c\000s\000\040\000a\000n\000d\000\040\000G\000a\000i\000t\000\040\000P\000l\000a\000n\000n\000i\000n\000g}{}% 58
\BOOKMARK [1][-]{section.6.1}{\376\377\000I\000n\000t\000r\000o\000d\000u\000c\000t\000i\000o\000n}{chapter.6}% 59
\BOOKMARK [1][-]{section.6.2}{\376\377\000L\000e\000g\000\040\000K\000i\000n\000e\000m\000a\000t\000i\000c\000s}{chapter.6}% 60
\BOOKMARK [1][-]{section.6.3}{\376\377\000I\000n\000v\000e\000r\000s\000e\000\040\000K\000i\000n\000e\000m\000a\000t\000i\000c\000s}{chapter.6}% 61
\BOOKMARK [1][-]{section.6.4}{\376\377\000I\000n\000e\000r\000t\000i\000a\000l\000\040\000E\000s\000t\000i\000m\000a\000t\000i\000o\000n}{chapter.6}% 62
\BOOKMARK [1][-]{section.6.5}{\376\377\000B\000a\000l\000a\000n\000c\000e\000\040\000C\000o\000n\000t\000r\000o\000l}{chapter.6}% 63
\BOOKMARK [1][-]{section.6.6}{\376\377\000G\000a\000i\000t\000\040\000G\000e\000n\000e\000r\000a\000t\000i\000o\000n\000\040\000b\000y\000\040\000Z\000M\000P\000\040\000P\000r\000e\000v\000i\000e\000w\000\040\000C\000o\000n\000t\000r\000o\000l}{chapter.6}% 64
\BOOKMARK [1][-]{section.6.7}{\376\377\000T\000h\000e\000\040\000C\000o\000m\000p\000l\000e\000t\000e\000\040\000M\000o\000t\000i\000o\000n\000\040\000P\000i\000p\000e\000l\000i\000n\000e}{chapter.6}% 65
\BOOKMARK [1][-]{section.6.8}{\376\377\000R\000e\000s\000u\000l\000t\000s\000\040\000a\000n\000d\000\040\000L\000i\000m\000i\000t\000a\000t\000i\000o\000n\000s}{chapter.6}% 66
\BOOKMARK [1][-]{section.6.9}{\376\377\000C\000o\000n\000c\000l\000u\000s\000i\000o\000n}{chapter.6}% 67
\BOOKMARK [0][-]{chapter.7}{\376\377\000T\000h\000e\000\040\000N\000a\000t\000u\000r\000a\000l\000-\000L\000a\000n\000g\000u\000a\000g\000e\000\040\000C\000o\000m\000m\000a\000n\000d\000\040\000L\000a\000y\000e\000r}{}% 68
\BOOKMARK [1][-]{section.7.1}{\376\377\000I\000n\000t\000r\000o\000d\000u\000c\000t\000i\000o\000n}{chapter.7}% 69
\BOOKMARK [1][-]{section.7.2}{\376\377\000D\000e\000s\000i\000g\000n\000\040\000P\000r\000i\000n\000c\000i\000p\000l\000e\000:\000\040\000t\000h\000e\000\040\000L\000L\000M\000\040\000N\000e\000v\000e\000r\000\040\000M\000o\000v\000e\000s\000\040\000a\000\040\000M\000o\000t\000o\000r}{chapter.7}% 70
\BOOKMARK [1][-]{section.7.3}{\376\377\000T\000h\000e\000\040\000C\000o\000m\000m\000a\000n\000d\000\040\000V\000o\000c\000a\000b\000u\000l\000a\000r\000y\000\040\000a\000n\000d\000\040\000i\000t\000s\000\040\000S\000e\000r\000v\000e\000r}{chapter.7}% 71
\BOOKMARK [1][-]{section.7.4}{\376\377\000T\000h\000e\000\040\000L\000o\000c\000a\000l\000\040\000L\000a\000n\000g\000u\000a\000g\000e\000\040\000M\000o\000d\000e\000l\000\040\000a\000n\000d\000\040\000T\000o\000o\000l\000-\000U\000s\000e}{chapter.7}% 72
\BOOKMARK [1][-]{section.7.5}{\376\377\000T\000h\000e\000\040\000D\000i\000s\000p\000a\000t\000c\000h\000e\000r\000\040\000a\000n\000d\000\040\000t\000h\000e\000\040\000F\000e\000e\000d\000b\000a\000c\000k\000\040\000L\000o\000o\000p}{chapter.7}% 73
\BOOKMARK [1][-]{section.7.6}{\376\377\000T\000h\000e\000\040\000S\000a\000f\000e\000t\000y\000\040\000V\000a\000l\000i\000d\000a\000t\000o\000r}{chapter.7}% 74
\BOOKMARK [1][-]{section.7.7}{\376\377\000T\000h\000e\000\040\000W\000e\000b\000\040\000I\000n\000t\000e\000r\000f\000a\000c\000e}{chapter.7}% 75
\BOOKMARK [1][-]{section.7.8}{\376\377\000E\000n\000d\000-\000t\000o\000-\000E\000n\000d\000\040\000B\000e\000h\000a\000v\000i\000o\000u\000r}{chapter.7}% 76
\BOOKMARK [1][-]{section.7.9}{\376\377\000C\000o\000n\000c\000l\000u\000s\000i\000o\000n}{chapter.7}% 77
\BOOKMARK [0][-]{chapter.8}{\376\377\000S\000i\000m\000u\000l\000a\000t\000i\000o\000n\000,\000\040\000T\000e\000s\000t\000i\000n\000g\000\040\000a\000n\000d\000\040\000V\000a\000l\000i\000d\000a\000t\000i\000o\000n}{}% 78
\BOOKMARK [1][-]{section.8.1}{\376\377\000I\000n\000t\000r\000o\000d\000u\000c\000t\000i\000o\000n}{chapter.8}% 79
\BOOKMARK [1][-]{section.8.2}{\376\377\000S\000i\000m\000u\000l\000a\000t\000i\000o\000n\000\040\000E\000n\000v\000i\000r\000o\000n\000m\000e\000n\000t\000\040\000a\000n\000d\000\040\000M\000e\000t\000h\000o\000d}{chapter.8}% 80
\BOOKMARK [1][-]{section.8.3}{\376\377\000S\000t\000a\000n\000d\000i\000n\000g\000\040\000S\000t\000a\000b\000i\000l\000i\000t\000y}{chapter.8}% 81
\BOOKMARK [1][-]{section.8.4}{\376\377\000B\000a\000l\000a\000n\000c\000e\000\040\000V\000a\000l\000i\000d\000a\000t\000i\000o\000n}{chapter.8}% 82
\BOOKMARK [1][-]{section.8.5}{\376\377\000G\000a\000i\000t\000\040\000V\000a\000l\000i\000d\000a\000t\000i\000o\000n}{chapter.8}% 83
\BOOKMARK [1][-]{section.8.6}{\376\377\000C\000o\000m\000m\000a\000n\000d\000-\000L\000a\000y\000e\000r\000\040\000V\000a\000l\000i\000d\000a\000t\000i\000o\000n}{chapter.8}% 84
\BOOKMARK [1][-]{section.8.7}{\376\377\000R\000e\000s\000u\000l\000t\000s\000\040\000S\000u\000m\000m\000a\000r\000y}{chapter.8}% 85
\BOOKMARK [1][-]{section.8.8}{\376\377\000C\000o\000n\000c\000l\000u\000s\000i\000o\000n}{chapter.8}% 86
\BOOKMARK [0][-]{chapter.9}{\376\377\000G\000e\000n\000e\000r\000a\000l\000\040\000C\000o\000n\000c\000l\000u\000s\000i\000o\000n\000\040\000a\000n\000d\000\040\000P\000e\000r\000s\000p\000e\000c\000t\000i\000v\000e\000s}{}% 87
\BOOKMARK [1][-]{section.9.1}{\376\377\000S\000u\000m\000m\000a\000r\000y\000\040\000o\000f\000\040\000t\000h\000e\000\040\000W\000o\000r\000k}{chapter.9}% 88
\BOOKMARK [1][-]{section.9.2}{\376\377\000A\000c\000h\000i\000e\000v\000e\000m\000e\000n\000t\000s\000\040\000a\000n\000d\000\040\000L\000i\000m\000i\000t\000a\000t\000i\000o\000n\000s}{chapter.9}% 89
\BOOKMARK [1][-]{section.9.3}{\376\377\000P\000e\000r\000s\000p\000e\000c\000t\000i\000v\000e\000s}{chapter.9}% 90
\BOOKMARK [1][-]{section.9.4}{\376\377\000C\000l\000o\000s\000i\000n\000g\000\040\000R\000e\000m\000a\000r\000k\000s}{chapter.9}% 91
\BOOKMARK [0][-]{section.9.4}{\376\377\000B\000i\000b\000l\000i\000o\000g\000r\000a\000p\000h\000y}{}% 92
